// Jest Snapshot v1, https://goo.gl/fbAQLP

exports[`PositionDetailsContact matches snapshot 1`] = `
<div
  className="position-details-contact"
  style={
    Object {
      "position": "relative",
    }
  }
>
  <div
    className="contact-container"
  >
    <div
      className="usa-grid-full contact-section website-section"
    >
      <PositionTitleSubDescription
        formattedContent="Coming Soon!"
        isAllowedToEdit={false}
        onSubmitText={[Function]}
        plainContent=""
        shouldShowEditor={false}
        title="Post website"
        toggleEditor={[Function]}
      />
    </div>
    <div
      className="usa-grid-full contact-section poc-section"
    >
      <PositionTitleSubDescription
        formattedContent="Coming Soon!"
        isAllowedToEdit={false}
        onSubmitText={[Function]}
        plainContent=""
        shouldShowEditor={false}
        title="Point-of-contact"
        toggleEditor={[Function]}
      />
    </div>
  </div>
  <div
    className="contact-container no-button"
  >
    <strong>
      Capsule Last Updated
    </strong>
    : 
  </div>
  <div
    className="offset-bid-button-container"
  >
    <div
      className="offset-bid-button-container-button"
    />
  </div>
</div>
`;
