// Jest Snapshot v1, https://goo.gl/fbAQLP

exports[`EmployeeAgendaSearchRow matches snapshot 1`] = `undefined`;
