// Jest Snapshot v1, https://goo.gl/fbAQLP

exports[`CriticalNeedComponent matches snapshot 1`] = `
<Ribbon
  className=""
  containerProps={Object {}}
  cutSide="left"
  icon="exclamation"
  isWide={false}
  isWideResults={false}
  showText={true}
  text="Critical need"
  type="cn"
/>
`;
