// Jest Snapshot v1, https://goo.gl/fbAQLP

exports[`ClientHeader matches snapshot 1`] = `
<div
  id="client-header"
/>
`;
