// Jest Snapshot v1, https://goo.gl/fbAQLP

exports[`AssignmentsContentComponent matches snapshot 1`] = `
<div
  className="usa-grid-full bid-content-container"
>
  <div
    className="bid-list-card-title-lg"
  >
    <span
      className="bid-list-card-title-post"
    >
      PROJECT DIRECTOR
       
    </span>
  </div>
  <div>
    <span
      className="usa-sr-only"
    >
      Position number: 
    </span>
    <span
      className="bid-list-card-title-post bid-list-card-title-lg"
    >
      (58348065) 
    </span>
  </div>
  <div>
    <span
      className="bid-list-card-title-post"
    >
      Location: 
    </span>
    Washington, DC
  </div>
  <div>
    <span
      className="bid-list-card-title-post"
    >
      Skill: 
    </span>
    CONSTRUCTION ENGINEERING (6218)
  </div>
  <div>
    <span
      className="bid-list-card-title-post"
    >
      Language: 
    </span>
    None
  </div>
  <div>
    <span
      className="bid-list-card-title-post"
    >
      Status: 
    </span>
    None listed
  </div>
  <div>
    <span
      className="bid-list-card-title-post"
    >
      Start date and End date: 
    </span>
    <StartEnd
      end={null}
      start={null}
    />
  </div>
</div>
`;
