// Jest Snapshot v1, https://goo.gl/fbAQLP

exports[`BidderPortfolioSearchComponent matches snapshot 1`] = `
<div
  className="bidder-portfolio-search-container"
>
  <div
    className="usa-grid-full"
  >
    <Connect(CDOAutoSuggest) />
  </div>
  <div
    className="results-search-bar-container"
  >
    <ResultsSearchHeader
      defaultKeyword=""
      isHomePage={false}
      labelSrOnly={true}
      onFilterChange={[Function]}
      onUpdate={[Function]}
      placeholder="Search Bidder Last Name, Skill"
      searchBarDisabled={false}
      searchBarDisabledPlaceholder="Free text search is unavailable when searching Projected Vacancies"
    />
  </div>
</div>
`;
