// Jest Snapshot v1, https://goo.gl/fbAQLP

exports[`BureauFilterComponent matches snapshot 1`] = `
<div
  className="usa-grid-full tm-nested-accordions"
>
  <Accordion
    className=""
    isMultiselectable={false}
  >
    <AccordionItem
      BBB={[Function]}
      buttonClass="tm-nested-accordion-button"
      childClass=""
      className="accordion-content-small"
      expandAll={true}
      expanded={false}
      id="regional-bureau-sub-accordion"
      title="Regional Bureaus"
      useIdClass={true}
    >
      <div
        className="usa-grid-full"
      >
        <CheckBox
          checkboxProps={Object {}}
          className="tm-checkbox-transparent"
          disabled={false}
          id="checkboxName1-region-region"
          label="Name1"
          labelSrOnly={false}
          name="Name1"
          onCheckBoxClick={[Function]}
          selectionRef="bureau"
          small={false}
          title="Name1"
          value={false}
        />
      </div>
    </AccordionItem>
    <AccordionItem
      BBB={[Function]}
      buttonClass="tm-nested-accordion-button"
      childClass=""
      className="accordion-content-small"
      expandAll={true}
      expanded={false}
      id="functional-bureau-sub-accordion"
      title="Functional Bureaus"
      useIdClass={true}
    >
      <CheckBox
        checkboxProps={Object {}}
        className="tm-checkbox-transparent"
        disabled={false}
        id="checkbox-functional-bureau-undefined"
        label="Name2"
        labelSrOnly={false}
        name="Name2"
        onCheckBoxClick={[Function]}
        selectionRef="bureau"
        small={false}
        title="Name2"
        value={false}
      />
    </AccordionItem>
  </Accordion>
</div>
`;
