// Jest Snapshot v1, https://goo.gl/fbAQLP

exports[`BidControlsComponent matches snapshot 1`] = `
<div
  className="bid-cycle-picker-container usa-form"
>
  <div
    className="label"
  >
    Bid Season:
  </div>
  <r
    disabled={false}
    dropdownHeight={600}
    filterDebounce={150}
    id="picky"
    keepOpen={true}
    multiple={true}
    numberDisplayed={1}
    onChange={[Function]}
    options={Array []}
    placeholder="Select season(s)"
    renderList={[Function]}
    selectAllMode="default"
    selectAllText="Select all"
    tabIndex={0}
    value={Array []}
  />
</div>
`;
