// Jest Snapshot v1, https://goo.gl/fbAQLP

exports[`AccordionItemComponent matches snapshot 1`] = `
<div>
  <div>
    expandAll: 
    false
  </div>
  <ul
    aria-multiselectable={false}
    className="usa-accordion "
    role="tablist"
  >
    <li
      BBB={[Function]}
      expandAll={false}
    >
      <button />
      <div
        aria-hidden="false"
        className="usa-accordion-content"
      >
        <span />
      </div>
    </li>
  </ul>
</div>
`;
