// Jest Snapshot v1, https://goo.gl/fbAQLP

exports[`ResultsCondensedCardTopComponent matches snapshot 1`] = `
<Link
  className="usa-grid-full condensed-card-top  condensed-card-top--clickable"
  replace={false}
  title="View details for this position"
  to="/details/6"
>
  <div>
    <div
      className="usa-grid-full condensed-card-top-header-container"
    >
      <div
        className="usa-width-one-whole condensed-card-top-header condensed-card-top-header-left"
      >
        <h3>
          OMS (DCM)
        </h3>
      </div>
    </div>
    <div
      className="usa-grid-full post-ribbon-container"
    >
      <div
        className="post-container"
      >
        <span>
          <span
            className="title"
          >
            Location:
          </span>
           
          <span
            className="data"
          >
            Freetown, Sierra Leone
          </span>
        </span>
      </div>
      <Flag
        name="flags.bidding"
        render={[Function]}
      />
    </div>
  </div>
</Link>
`;

exports[`ResultsCondensedCardTopComponent matches snapshot when type is serviceNeed 1`] = `
<Link
  className="usa-grid-full condensed-card-top  condensed-card-top--clickable"
  replace={false}
  title="View details for this position"
  to="/details/6"
>
  <div>
    <div
      className="usa-grid-full condensed-card-top-header-container"
    >
      <div
        className="usa-width-one-whole condensed-card-top-header condensed-card-top-header-left"
      >
        <span>
          <FontAwesome
            name="bolt"
          />
           
        </span>
        <h3>
          OMS (DCM)
        </h3>
      </div>
    </div>
    <div
      className="usa-grid-full post-ribbon-container"
    >
      <div
        className="post-container"
      >
        <span>
          <span
            className="title"
          >
            Location:
          </span>
           
          <span
            className="data"
          >
            Freetown, Sierra Leone
          </span>
        </span>
      </div>
      <Flag
        name="flags.bidding"
        render={[Function]}
      />
    </div>
  </div>
</Link>
`;
