// Jest Snapshot v1, https://goo.gl/fbAQLP

exports[`AgendaItemMaintenanceContainerComponent matches snapshot 1`] = `
<div
  className="agenda-item-maintenace-container"
>
  <Connect(withRouter(BackButton)) />
  <div
    className="ai-maintenance-containers"
  >
    <div
      className="maintenance-container-left"
    >
      Left Maintenance Container
      <div
        className="expand-arrow"
      >
        <InteractiveElement
          className=""
          onClick={[Function]}
          type="div"
        >
          <Tooltip
            animateFill={true}
            animation="shift"
            arrow={true}
            arrowSize="regular"
            className=""
            delay={0}
            disabled={false}
            distance={10}
            duration={375}
            followCursor={false}
            hideDelay={0}
            hideDuration={375}
            hideOnClick={true}
            html={null}
            inertia={false}
            interactive={false}
            interactiveBorder={2}
            multiple={false}
            offset={0}
            onHidden={[Function]}
            onHide={[Function]}
            onRequestClose={[Function]}
            onShow={[Function]}
            onShown={[Function]}
            popperOptions={Object {}}
            position="top"
            size="regular"
            sticky={false}
            stickyDuration={200}
            style={Object {}}
            tag="div"
            theme="dark"
            title="Expand container"
            touchHold={false}
            trigger="mouseenter focus"
            unmountHTMLWhenHide={false}
            zIndex={9999}
          >
            <FontAwesome
              name="arrow-circle-left"
              size="lg"
              style={
                Object {
                  "transform": "rotate(-180deg)",
                  "transition": "all 0.65s linear",
                }
              }
            />
          </Tooltip>
        </InteractiveElement>
      </div>
    </div>
    <div
      className="maintenance-container-right"
    >
      Right Maintenance Container
    </div>
  </div>
</div>
`;
