// Jest Snapshot v1, https://goo.gl/fbAQLP

exports[`RemarksGlossary Component matches snapshot 1`] = `
<div
  className="usa-grid-full remarks-glossary-container"
/>
`;
